2026-09-07 06:08:11,025 INFO Log file: /home/runner/work/forecast-redelong/forecast-redelong/outputs/plta_redelong/logs/forecast_20260907_130811.log
2026-09-07 06:08:11,025 INFO Output dir: /home/runner/work/forecast-redelong/forecast-redelong/outputs/plta_redelong
2026-09-07 06:08:11,025 INFO Metadata lokasi: slug=plta_redelong adm4=11.17.05.2002 bmkg_point=Bale Redelong area_level=outlet_reference proxy_bmkg=True
2026-09-07 06:08:11,025 INFO Koordinat: lat=4.748139 lon=96.977344 timezone=Asia/Jakarta
2026-09-07 06:08:11,025 INFO Catatan lokasi: Forecast Redelong representative point. BMKG ADM4 reference: 11.17.05.2002 (Bale Redelong). Initial BMKG reference for Forecast Redelong Spatial role: outlet_reference. Titik referensi PLTA; tidak diberi bobot luas.
2026-09-07 06:08:11,025 INFO Locations file: /home/runner/work/forecast-redelong/forecast-redelong/locations.json
2026-09-07 06:08:11,026 INFO Mulai proses untuk lokasi PLTA Redelong
2026-09-07 06:08:11,026 INFO Target date: 2026-09-09
2026-09-07 06:08:11,026 INFO Target hours: 00:00, 01:00, 02:00, 03:00, 04:00, 05:00, 06:00, 07:00, 08:00, 09:00, 10:00, 11:00, 12:00, 13:00, 14:00, 15:00, 16:00, 17:00, 18:00, 19:00, 20:00, 21:00, 22:00, 23:00
2026-09-07 06:08:11,026 INFO Sumber aktif: BMKG, ECMWF, GFS, ICON, CMA, METEOFRANCE, UKMO
2026-09-07 06:08:11,026 INFO Bobot aktif: BMKG=1.35, CMA=1.0, ECMWF=1.0, GFS=1.0, ICON=1.0, KMA=0.9, METEOFRANCE=1.0, METNO=1.0, UKMO=1.0
2026-09-07 06:08:11,848 INFO Selesai.
2026-09-07 06:08:11,848 INFO Sumber sukses: 7/7
2026-09-07 06:08:11,848 INFO Total forecast point: 168
2026-09-07 06:08:11,848 INFO BMKG: OK (24/24 point) http=200 t=23ms 
2026-09-07 06:08:11,848 INFO CMA: OK (24/24 point) http=200 t=192ms 
2026-09-07 06:08:11,848 INFO ECMWF: OK (24/24 point) http=200 t=70ms 
2026-09-07 06:08:11,848 INFO GFS: OK (24/24 point) http=200 t=65ms 
2026-09-07 06:08:11,848 INFO ICON: OK (24/24 point) http=200 t=69ms 
2026-09-07 06:08:11,848 INFO METEOFRANCE: OK (24/24 point) http=200 t=65ms 
2026-09-07 06:08:11,848 INFO UKMO: OK (24/24 point) http=200 t=188ms 
2026-09-07 06:08:11,852 INFO Log file: /home/runner/work/forecast-redelong/forecast-redelong/outputs/plta_redelong/logs/forecast_20260907_130811.log
2026-09-07 06:08:11,852 INFO Output dir: /home/runner/work/forecast-redelong/forecast-redelong/outputs/plta_redelong
2026-09-07 06:08:11,852 INFO Metadata lokasi: slug=plta_redelong adm4=11.17.05.2002 bmkg_point=Bale Redelong area_level=outlet_reference proxy_bmkg=True
2026-09-07 06:08:11,852 INFO Koordinat: lat=4.748139 lon=96.977344 timezone=Asia/Jakarta
2026-09-07 06:08:11,852 INFO Catatan lokasi: Forecast Redelong representative point. BMKG ADM4 reference: 11.17.05.2002 (Bale Redelong). Initial BMKG reference for Forecast Redelong Spatial role: outlet_reference. Titik referensi PLTA; tidak diberi bobot luas.
2026-09-07 06:08:11,852 INFO Locations file: /home/runner/work/forecast-redelong/forecast-redelong/locations.json
2026-09-07 06:08:11,852 INFO Mulai proses untuk lokasi PLTA Redelong
2026-09-07 06:08:11,852 INFO Target date: 2026-09-10
2026-09-07 06:08:11,852 INFO Target hours: 00:00, 01:00, 02:00, 03:00, 04:00, 05:00, 06:00, 07:00, 08:00, 09:00, 10:00, 11:00, 12:00, 13:00, 14:00, 15:00, 16:00, 17:00, 18:00, 19:00, 20:00, 21:00, 22:00, 23:00
2026-09-07 06:08:11,852 INFO Sumber aktif: BMKG, ECMWF, GFS, ICON, CMA, METEOFRANCE, UKMO
2026-09-07 06:08:11,852 INFO Bobot aktif: BMKG=1.35, CMA=1.0, ECMWF=1.0, GFS=1.0, ICON=1.0, KMA=0.9, METEOFRANCE=1.0, METNO=1.0, UKMO=1.0
2026-09-07 06:08:11,904 INFO BMKG gagal (host=api.bmkg.go.id): BMKG tidak mengembalikan kandidat untuk target date
2026-09-07 06:08:12,510 INFO Selesai.
2026-09-07 06:08:12,510 INFO Sumber sukses: 6/7
2026-09-07 06:08:12,510 INFO Total forecast point: 144
2026-09-07 06:08:12,510 INFO BMKG: FAIL (0/24 point) t=50ms BMKG tidak mengembalikan kandidat untuk target date
2026-09-07 06:08:12,510 INFO CMA: OK (24/24 point) http=200 t=66ms 
2026-09-07 06:08:12,510 INFO ECMWF: OK (24/24 point) http=200 t=67ms 
2026-09-07 06:08:12,510 INFO GFS: OK (24/24 point) http=200 t=70ms 
2026-09-07 06:08:12,510 INFO ICON: OK (24/24 point) http=200 t=67ms 
2026-09-07 06:08:12,510 INFO METEOFRANCE: OK (24/24 point) http=200 t=152ms 
2026-09-07 06:08:12,510 INFO UKMO: OK (24/24 point) http=200 t=64ms 
