2026-09-28 23:26:12,058 INFO Log file: /home/runner/work/forecast-redelong/forecast-redelong/outputs/plta_redelong/logs/forecast_20260929_062612.log
2026-09-28 23:26:12,058 INFO Output dir: /home/runner/work/forecast-redelong/forecast-redelong/outputs/plta_redelong
2026-09-28 23:26:12,058 INFO Metadata lokasi: slug=plta_redelong adm4=11.17.05.2002 bmkg_point=Bale Redelong area_level=outlet_reference proxy_bmkg=True
2026-09-28 23:26:12,058 INFO Koordinat: lat=4.748139 lon=96.977344 timezone=Asia/Jakarta
2026-09-28 23:26:12,058 INFO Catatan lokasi: Forecast Redelong representative point. BMKG ADM4 reference: 11.17.05.2002 (Bale Redelong). Initial BMKG reference for Forecast Redelong Spatial role: outlet_reference. Titik referensi PLTA; tidak diberi bobot luas.
2026-09-28 23:26:12,058 INFO Locations file: /home/runner/work/forecast-redelong/forecast-redelong/locations.json
2026-09-28 23:26:12,059 INFO Mulai proses untuk lokasi PLTA Redelong
2026-09-28 23:26:12,059 INFO Target date: 2026-10-01
2026-09-28 23:26:12,059 INFO Target hours: 00:00, 01:00, 02:00, 03:00, 04:00, 05:00, 06:00, 07:00, 08:00, 09:00, 10:00, 11:00, 12:00, 13:00, 14:00, 15:00, 16:00, 17:00, 18:00, 19:00, 20:00, 21:00, 22:00, 23:00
2026-09-28 23:26:12,059 INFO Sumber aktif: BMKG, ECMWF, GFS, ICON, CMA, METEOFRANCE, UKMO
2026-09-28 23:26:12,059 INFO Bobot aktif: BMKG=1.35, CMA=1.0, ECMWF=1.0, GFS=1.0, ICON=1.0, KMA=0.9, METEOFRANCE=1.0, METNO=1.0, UKMO=1.0
2026-09-28 23:26:12,726 INFO Selesai.
2026-09-28 23:26:12,726 INFO Sumber sukses: 7/7
2026-09-28 23:26:12,726 INFO Total forecast point: 168
2026-09-28 23:26:12,726 INFO BMKG: OK (24/24 point) http=200 t=47ms 
2026-09-28 23:26:12,726 INFO CMA: OK (24/24 point) http=200 t=82ms 
2026-09-28 23:26:12,726 INFO ECMWF: OK (24/24 point) http=200 t=81ms 
2026-09-28 23:26:12,726 INFO GFS: OK (24/24 point) http=200 t=81ms 
2026-09-28 23:26:12,726 INFO ICON: OK (24/24 point) http=200 t=83ms 
2026-09-28 23:26:12,726 INFO METEOFRANCE: OK (24/24 point) http=200 t=81ms 
2026-09-28 23:26:12,726 INFO UKMO: OK (24/24 point) http=200 t=86ms 
2026-09-28 23:26:12,730 INFO Log file: /home/runner/work/forecast-redelong/forecast-redelong/outputs/plta_redelong/logs/forecast_20260929_062612.log
2026-09-28 23:26:12,730 INFO Output dir: /home/runner/work/forecast-redelong/forecast-redelong/outputs/plta_redelong
2026-09-28 23:26:12,730 INFO Metadata lokasi: slug=plta_redelong adm4=11.17.05.2002 bmkg_point=Bale Redelong area_level=outlet_reference proxy_bmkg=True
2026-09-28 23:26:12,730 INFO Koordinat: lat=4.748139 lon=96.977344 timezone=Asia/Jakarta
2026-09-28 23:26:12,730 INFO Catatan lokasi: Forecast Redelong representative point. BMKG ADM4 reference: 11.17.05.2002 (Bale Redelong). Initial BMKG reference for Forecast Redelong Spatial role: outlet_reference. Titik referensi PLTA; tidak diberi bobot luas.
2026-09-28 23:26:12,730 INFO Locations file: /home/runner/work/forecast-redelong/forecast-redelong/locations.json
2026-09-28 23:26:12,730 INFO Mulai proses untuk lokasi PLTA Redelong
2026-09-28 23:26:12,730 INFO Target date: 2026-10-02
2026-09-28 23:26:12,730 INFO Target hours: 00:00, 01:00, 02:00, 03:00, 04:00, 05:00, 06:00, 07:00, 08:00, 09:00, 10:00, 11:00, 12:00, 13:00, 14:00, 15:00, 16:00, 17:00, 18:00, 19:00, 20:00, 21:00, 22:00, 23:00
2026-09-28 23:26:12,730 INFO Sumber aktif: BMKG, ECMWF, GFS, ICON, CMA, METEOFRANCE, UKMO
2026-09-28 23:26:12,731 INFO Bobot aktif: BMKG=1.35, CMA=1.0, ECMWF=1.0, GFS=1.0, ICON=1.0, KMA=0.9, METEOFRANCE=1.0, METNO=1.0, UKMO=1.0
2026-09-28 23:26:12,799 INFO BMKG gagal (host=api.bmkg.go.id): BMKG tidak mengembalikan kandidat untuk target date
2026-09-28 23:26:13,465 INFO Selesai.
2026-09-28 23:26:13,466 INFO Sumber sukses: 6/7
2026-09-28 23:26:13,466 INFO Total forecast point: 144
2026-09-28 23:26:13,466 INFO BMKG: FAIL (0/24 point) t=68ms BMKG tidak mengembalikan kandidat untuk target date
2026-09-28 23:26:13,466 INFO CMA: OK (24/24 point) http=200 t=80ms 
2026-09-28 23:26:13,466 INFO ECMWF: OK (24/24 point) http=200 t=83ms 
2026-09-28 23:26:13,466 INFO GFS: OK (24/24 point) http=200 t=82ms 
2026-09-28 23:26:13,466 INFO ICON: OK (24/24 point) http=200 t=109ms 
2026-09-28 23:26:13,466 INFO METEOFRANCE: OK (24/24 point) http=200 t=108ms 
2026-09-28 23:26:13,466 INFO UKMO: OK (24/24 point) http=200 t=101ms 
