2026-09-09 23:27:58,244 INFO Log file: /home/runner/work/forecast-redelong/forecast-redelong/outputs/pltm_besai_kemu_headpond/logs/forecast_20260910_062758.log
2026-09-09 23:27:58,244 INFO Output dir: /home/runner/work/forecast-redelong/forecast-redelong/outputs/pltm_besai_kemu_headpond
2026-09-09 23:27:58,244 INFO Metadata lokasi: slug=pltm_besai_kemu_headpond adm4=18.08.03.2017 bmkg_point=Kemu area_level=independent_site_engineering_point proxy_bmkg=True
2026-09-09 23:27:58,244 INFO Koordinat: lat=-4.839133333 lon=104.509577778 timezone=Asia/Jakarta
2026-09-09 23:27:58,244 INFO Catatan lokasi: Headpond Besai Kemu engineering forecast reference for PLTM Besai Kemu. The catchment polygon remains pending.
2026-09-09 23:27:58,244 INFO Locations file: /home/runner/work/forecast-redelong/forecast-redelong/locations.json
2026-09-09 23:27:58,245 INFO Mulai proses untuk lokasi Headpond Besai Kemu
2026-09-09 23:27:58,245 INFO Target date: 2026-09-12
2026-09-09 23:27:58,245 INFO Target hours: 00:00, 01:00, 02:00, 03:00, 04:00, 05:00, 06:00, 07:00, 08:00, 09:00, 10:00, 11:00, 12:00, 13:00, 14:00, 15:00, 16:00, 17:00, 18:00, 19:00, 20:00, 21:00, 22:00, 23:00
2026-09-09 23:27:58,245 INFO Sumber aktif: BMKG, ECMWF, GFS, ICON, CMA, METEOFRANCE, UKMO
2026-09-09 23:27:58,245 INFO Bobot aktif: BMKG=1.35, CMA=1.0, ECMWF=1.0, GFS=1.0, ICON=1.0, KMA=0.9, METEOFRANCE=1.0, METNO=1.0, UKMO=1.0
2026-09-09 23:27:58,916 INFO Selesai.
2026-09-09 23:27:58,917 INFO Sumber sukses: 7/7
2026-09-09 23:27:58,917 INFO Total forecast point: 168
2026-09-09 23:27:58,917 INFO BMKG: OK (24/24 point) http=200 t=47ms 
2026-09-09 23:27:58,917 INFO CMA: OK (24/24 point) http=200 t=82ms 
2026-09-09 23:27:58,917 INFO ECMWF: OK (24/24 point) http=200 t=90ms 
2026-09-09 23:27:58,917 INFO GFS: OK (24/24 point) http=200 t=82ms 
2026-09-09 23:27:58,917 INFO ICON: OK (24/24 point) http=200 t=85ms 
2026-09-09 23:27:58,917 INFO METEOFRANCE: OK (24/24 point) http=200 t=84ms 
2026-09-09 23:27:58,917 INFO UKMO: OK (24/24 point) http=200 t=83ms 
2026-09-09 23:27:58,920 INFO Log file: /home/runner/work/forecast-redelong/forecast-redelong/outputs/pltm_besai_kemu_headpond/logs/forecast_20260910_062758.log
2026-09-09 23:27:58,920 INFO Output dir: /home/runner/work/forecast-redelong/forecast-redelong/outputs/pltm_besai_kemu_headpond
2026-09-09 23:27:58,920 INFO Metadata lokasi: slug=pltm_besai_kemu_headpond adm4=18.08.03.2017 bmkg_point=Kemu area_level=independent_site_engineering_point proxy_bmkg=True
2026-09-09 23:27:58,921 INFO Koordinat: lat=-4.839133333 lon=104.509577778 timezone=Asia/Jakarta
2026-09-09 23:27:58,921 INFO Catatan lokasi: Headpond Besai Kemu engineering forecast reference for PLTM Besai Kemu. The catchment polygon remains pending.
2026-09-09 23:27:58,921 INFO Locations file: /home/runner/work/forecast-redelong/forecast-redelong/locations.json
2026-09-09 23:27:58,921 INFO Mulai proses untuk lokasi Headpond Besai Kemu
2026-09-09 23:27:58,921 INFO Target date: 2026-09-13
2026-09-09 23:27:58,921 INFO Target hours: 00:00, 01:00, 02:00, 03:00, 04:00, 05:00, 06:00, 07:00, 08:00, 09:00, 10:00, 11:00, 12:00, 13:00, 14:00, 15:00, 16:00, 17:00, 18:00, 19:00, 20:00, 21:00, 22:00, 23:00
2026-09-09 23:27:58,921 INFO Sumber aktif: BMKG, ECMWF, GFS, ICON, CMA, METEOFRANCE, UKMO
2026-09-09 23:27:58,921 INFO Bobot aktif: BMKG=1.35, CMA=1.0, ECMWF=1.0, GFS=1.0, ICON=1.0, KMA=0.9, METEOFRANCE=1.0, METNO=1.0, UKMO=1.0
2026-09-09 23:27:58,985 INFO BMKG gagal (host=api.bmkg.go.id): BMKG tidak mengembalikan kandidat untuk target date
2026-09-09 23:27:59,594 INFO Selesai.
2026-09-09 23:27:59,594 INFO Sumber sukses: 6/7
2026-09-09 23:27:59,594 INFO Total forecast point: 144
2026-09-09 23:27:59,594 INFO BMKG: FAIL (0/24 point) t=63ms BMKG tidak mengembalikan kandidat untuk target date
2026-09-09 23:27:59,594 INFO CMA: OK (24/24 point) http=200 t=80ms 
2026-09-09 23:27:59,594 INFO ECMWF: OK (24/24 point) http=200 t=91ms 
2026-09-09 23:27:59,594 INFO GFS: OK (24/24 point) http=200 t=89ms 
2026-09-09 23:27:59,594 INFO ICON: OK (24/24 point) http=200 t=84ms 
2026-09-09 23:27:59,594 INFO METEOFRANCE: OK (24/24 point) http=200 t=81ms 
2026-09-09 23:27:59,594 INFO UKMO: OK (24/24 point) http=200 t=84ms 
