2026-09-17 23:29:08,313 INFO Log file: /home/runner/work/forecast-redelong/forecast-redelong/outputs/pltm_besai_kemu_powerhouse/logs/forecast_20260918_062908.log
2026-09-17 23:29:08,313 INFO Output dir: /home/runner/work/forecast-redelong/forecast-redelong/outputs/pltm_besai_kemu_powerhouse
2026-09-17 23:29:08,313 INFO Metadata lokasi: slug=pltm_besai_kemu_powerhouse adm4=18.08.03.2017 bmkg_point=Kemu area_level=independent_site_engineering_point proxy_bmkg=True
2026-09-17 23:29:08,313 INFO Koordinat: lat=-4.837533333 lon=104.510075 timezone=Asia/Jakarta
2026-09-17 23:29:08,313 INFO Catatan lokasi: Powerhouse Besai Kemu engineering forecast reference for PLTM Besai Kemu. The catchment polygon remains pending.
2026-09-17 23:29:08,313 INFO Locations file: /home/runner/work/forecast-redelong/forecast-redelong/locations.json
2026-09-17 23:29:08,313 INFO Mulai proses untuk lokasi Powerhouse Besai Kemu
2026-09-17 23:29:08,313 INFO Target date: 2026-09-19
2026-09-17 23:29:08,313 INFO Target hours: 00:00, 01:00, 02:00, 03:00, 04:00, 05:00, 06:00, 07:00, 08:00, 09:00, 10:00, 11:00, 12:00, 13:00, 14:00, 15:00, 16:00, 17:00, 18:00, 19:00, 20:00, 21:00, 22:00, 23:00
2026-09-17 23:29:08,313 INFO Sumber aktif: BMKG, ECMWF, GFS, ICON, CMA, METEOFRANCE, UKMO
2026-09-17 23:29:08,313 INFO Bobot aktif: BMKG=1.35, CMA=1.0, ECMWF=1.0, GFS=1.0, ICON=1.0, KMA=0.9, METEOFRANCE=1.0, METNO=1.0, UKMO=1.0
2026-09-17 23:29:08,967 INFO Selesai.
2026-09-17 23:29:08,967 INFO Sumber sukses: 7/7
2026-09-17 23:29:08,967 INFO Total forecast point: 168
2026-09-17 23:29:08,967 INFO BMKG: OK (24/24 point) http=200 t=34ms 
2026-09-17 23:29:08,967 INFO CMA: OK (24/24 point) http=200 t=83ms 
2026-09-17 23:29:08,967 INFO ECMWF: OK (24/24 point) http=200 t=83ms 
2026-09-17 23:29:08,967 INFO GFS: OK (24/24 point) http=200 t=84ms 
2026-09-17 23:29:08,967 INFO ICON: OK (24/24 point) http=200 t=83ms 
2026-09-17 23:29:08,967 INFO METEOFRANCE: OK (24/24 point) http=200 t=82ms 
2026-09-17 23:29:08,967 INFO UKMO: OK (24/24 point) http=200 t=82ms 
2026-09-17 23:29:08,971 INFO Log file: /home/runner/work/forecast-redelong/forecast-redelong/outputs/pltm_besai_kemu_powerhouse/logs/forecast_20260918_062908.log
2026-09-17 23:29:08,971 INFO Output dir: /home/runner/work/forecast-redelong/forecast-redelong/outputs/pltm_besai_kemu_powerhouse
2026-09-17 23:29:08,971 INFO Metadata lokasi: slug=pltm_besai_kemu_powerhouse adm4=18.08.03.2017 bmkg_point=Kemu area_level=independent_site_engineering_point proxy_bmkg=True
2026-09-17 23:29:08,971 INFO Koordinat: lat=-4.837533333 lon=104.510075 timezone=Asia/Jakarta
2026-09-17 23:29:08,971 INFO Catatan lokasi: Powerhouse Besai Kemu engineering forecast reference for PLTM Besai Kemu. The catchment polygon remains pending.
2026-09-17 23:29:08,971 INFO Locations file: /home/runner/work/forecast-redelong/forecast-redelong/locations.json
2026-09-17 23:29:08,971 INFO Mulai proses untuk lokasi Powerhouse Besai Kemu
2026-09-17 23:29:08,971 INFO Target date: 2026-09-20
2026-09-17 23:29:08,971 INFO Target hours: 00:00, 01:00, 02:00, 03:00, 04:00, 05:00, 06:00, 07:00, 08:00, 09:00, 10:00, 11:00, 12:00, 13:00, 14:00, 15:00, 16:00, 17:00, 18:00, 19:00, 20:00, 21:00, 22:00, 23:00
2026-09-17 23:29:08,971 INFO Sumber aktif: BMKG, ECMWF, GFS, ICON, CMA, METEOFRANCE, UKMO
2026-09-17 23:29:08,971 INFO Bobot aktif: BMKG=1.35, CMA=1.0, ECMWF=1.0, GFS=1.0, ICON=1.0, KMA=0.9, METEOFRANCE=1.0, METNO=1.0, UKMO=1.0
2026-09-17 23:29:09,626 INFO Selesai.
2026-09-17 23:29:09,626 INFO Sumber sukses: 7/7
2026-09-17 23:29:09,626 INFO Total forecast point: 168
2026-09-17 23:29:09,626 INFO BMKG: OK (24/24 point) http=200 t=30ms 
2026-09-17 23:29:09,626 INFO CMA: OK (24/24 point) http=200 t=84ms 
2026-09-17 23:29:09,626 INFO ECMWF: OK (24/24 point) http=200 t=81ms 
2026-09-17 23:29:09,626 INFO GFS: OK (24/24 point) http=200 t=81ms 
2026-09-17 23:29:09,626 INFO ICON: OK (24/24 point) http=200 t=84ms 
2026-09-17 23:29:09,626 INFO METEOFRANCE: OK (24/24 point) http=200 t=84ms 
2026-09-17 23:29:09,626 INFO UKMO: OK (24/24 point) http=200 t=83ms 
