2026-09-19 01:13:12,216 INFO Log file: /home/runner/work/forecast-redelong/forecast-redelong/outputs/pltm_besai_kemu_powerhouse/logs/forecast_20260919_081312.log
2026-09-19 01:13:12,216 INFO Output dir: /home/runner/work/forecast-redelong/forecast-redelong/outputs/pltm_besai_kemu_powerhouse
2026-09-19 01:13:12,216 INFO Metadata lokasi: slug=pltm_besai_kemu_powerhouse adm4=18.08.03.2017 bmkg_point=Kemu area_level=independent_site_engineering_point proxy_bmkg=True
2026-09-19 01:13:12,217 INFO Koordinat: lat=-4.837533333 lon=104.510075 timezone=Asia/Jakarta
2026-09-19 01:13:12,217 INFO Catatan lokasi: Powerhouse Besai Kemu engineering forecast reference for PLTM Besai Kemu. The catchment polygon remains pending.
2026-09-19 01:13:12,217 INFO Locations file: /home/runner/work/forecast-redelong/forecast-redelong/locations.json
2026-09-19 01:13:12,217 INFO Mulai proses untuk lokasi Powerhouse Besai Kemu
2026-09-19 01:13:12,217 INFO Target date: 2026-09-21
2026-09-19 01:13:12,217 INFO Target hours: 00:00, 01:00, 02:00, 03:00, 04:00, 05:00, 06:00, 07:00, 08:00, 09:00, 10:00, 11:00, 12:00, 13:00, 14:00, 15:00, 16:00, 17:00, 18:00, 19:00, 20:00, 21:00, 22:00, 23:00
2026-09-19 01:13:12,217 INFO Sumber aktif: BMKG, ECMWF, GFS, ICON, CMA, METEOFRANCE, UKMO
2026-09-19 01:13:12,217 INFO Bobot aktif: BMKG=1.35, CMA=1.0, ECMWF=1.0, GFS=1.0, ICON=1.0, KMA=0.9, METEOFRANCE=1.0, METNO=1.0, UKMO=1.0
2026-09-19 01:13:12,972 INFO Selesai.
2026-09-19 01:13:12,972 INFO Sumber sukses: 7/7
2026-09-19 01:13:12,972 INFO Total forecast point: 168
2026-09-19 01:13:12,972 INFO BMKG: OK (24/24 point) http=200 t=61ms 
2026-09-19 01:13:12,972 INFO CMA: OK (24/24 point) http=200 t=97ms 
2026-09-19 01:13:12,972 INFO ECMWF: OK (24/24 point) http=200 t=102ms 
2026-09-19 01:13:12,972 INFO GFS: OK (24/24 point) http=200 t=97ms 
2026-09-19 01:13:12,972 INFO ICON: OK (24/24 point) http=200 t=95ms 
2026-09-19 01:13:12,972 INFO METEOFRANCE: OK (24/24 point) http=200 t=98ms 
2026-09-19 01:13:12,972 INFO UKMO: OK (24/24 point) http=200 t=106ms 
2026-09-19 01:13:12,976 INFO Log file: /home/runner/work/forecast-redelong/forecast-redelong/outputs/pltm_besai_kemu_powerhouse/logs/forecast_20260919_081312.log
2026-09-19 01:13:12,976 INFO Output dir: /home/runner/work/forecast-redelong/forecast-redelong/outputs/pltm_besai_kemu_powerhouse
2026-09-19 01:13:12,976 INFO Metadata lokasi: slug=pltm_besai_kemu_powerhouse adm4=18.08.03.2017 bmkg_point=Kemu area_level=independent_site_engineering_point proxy_bmkg=True
2026-09-19 01:13:12,976 INFO Koordinat: lat=-4.837533333 lon=104.510075 timezone=Asia/Jakarta
2026-09-19 01:13:12,976 INFO Catatan lokasi: Powerhouse Besai Kemu engineering forecast reference for PLTM Besai Kemu. The catchment polygon remains pending.
2026-09-19 01:13:12,976 INFO Locations file: /home/runner/work/forecast-redelong/forecast-redelong/locations.json
2026-09-19 01:13:12,976 INFO Mulai proses untuk lokasi Powerhouse Besai Kemu
2026-09-19 01:13:12,976 INFO Target date: 2026-09-22
2026-09-19 01:13:12,976 INFO Target hours: 00:00, 01:00, 02:00, 03:00, 04:00, 05:00, 06:00, 07:00, 08:00, 09:00, 10:00, 11:00, 12:00, 13:00, 14:00, 15:00, 16:00, 17:00, 18:00, 19:00, 20:00, 21:00, 22:00, 23:00
2026-09-19 01:13:12,976 INFO Sumber aktif: BMKG, ECMWF, GFS, ICON, CMA, METEOFRANCE, UKMO
2026-09-19 01:13:12,976 INFO Bobot aktif: BMKG=1.35, CMA=1.0, ECMWF=1.0, GFS=1.0, ICON=1.0, KMA=0.9, METEOFRANCE=1.0, METNO=1.0, UKMO=1.0
2026-09-19 01:13:13,030 INFO BMKG gagal (host=api.bmkg.go.id): BMKG tidak mengembalikan kandidat untuk target date
2026-09-19 01:13:13,756 INFO Selesai.
2026-09-19 01:13:13,756 INFO Sumber sukses: 6/7
2026-09-19 01:13:13,756 INFO Total forecast point: 144
2026-09-19 01:13:13,756 INFO BMKG: FAIL (0/24 point) t=53ms BMKG tidak mengembalikan kandidat untuk target date
2026-09-19 01:13:13,756 INFO CMA: OK (24/24 point) http=200 t=105ms 
2026-09-19 01:13:13,756 INFO ECMWF: OK (24/24 point) http=200 t=106ms 
2026-09-19 01:13:13,756 INFO GFS: OK (24/24 point) http=200 t=111ms 
2026-09-19 01:13:13,756 INFO ICON: OK (24/24 point) http=200 t=98ms 
2026-09-19 01:13:13,756 INFO METEOFRANCE: OK (24/24 point) http=200 t=105ms 
2026-09-19 01:13:13,756 INFO UKMO: OK (24/24 point) http=200 t=97ms 
