2026-08-23 23:35:35,538 INFO Log file: /home/runner/work/forecast-redelong/forecast-redelong/outputs/pltm_besai_kemu_powerhouse/logs/forecast_20260824_063535.log
2026-08-23 23:35:35,538 INFO Output dir: /home/runner/work/forecast-redelong/forecast-redelong/outputs/pltm_besai_kemu_powerhouse
2026-08-23 23:35:35,538 INFO Metadata lokasi: slug=pltm_besai_kemu_powerhouse adm4=18.08.03.2017 bmkg_point=Kemu area_level=independent_site_engineering_point proxy_bmkg=True
2026-08-23 23:35:35,538 INFO Koordinat: lat=-4.837533333 lon=104.510075 timezone=Asia/Jakarta
2026-08-23 23:35:35,538 INFO Catatan lokasi: Powerhouse Besai Kemu engineering forecast reference for PLTM Besai Kemu. The catchment polygon remains pending.
2026-08-23 23:35:35,538 INFO Locations file: /home/runner/work/forecast-redelong/forecast-redelong/locations.json
2026-08-23 23:35:35,539 INFO Mulai proses untuk lokasi Powerhouse Besai Kemu
2026-08-23 23:35:35,539 INFO Target date: 2026-08-24
2026-08-23 23:35:35,539 INFO Target hours: 00:00, 01:00, 02:00, 03:00, 04:00, 05:00, 06:00, 07:00, 08:00, 09:00, 10:00, 11:00, 12:00, 13:00, 14:00, 15:00, 16:00, 17:00, 18:00, 19:00, 20:00, 21:00, 22:00, 23:00
2026-08-23 23:35:35,539 INFO Sumber aktif: BMKG, ECMWF, GFS, ICON, CMA, METEOFRANCE, UKMO
2026-08-23 23:35:35,539 INFO Bobot aktif: BMKG=1.35, CMA=1.0, ECMWF=1.0, GFS=1.0, ICON=1.0, KMA=0.9, METEOFRANCE=1.0, METNO=1.0, UKMO=1.0
2026-08-23 23:36:01,755 INFO Selesai.
2026-08-23 23:36:01,755 INFO Sumber sukses: 7/7
2026-08-23 23:36:01,755 INFO Total forecast point: 164
2026-08-23 23:36:01,755 INFO BMKG: OK (20/24 point) http=200 t=80ms 
2026-08-23 23:36:01,755 INFO CMA: OK (24/24 point) http=200 t=559ms 
2026-08-23 23:36:01,755 INFO ECMWF: OK (24/24 point) http=200 t=567ms 
2026-08-23 23:36:01,755 INFO GFS: OK (24/24 point) http=200 t=575ms 
2026-08-23 23:36:01,755 INFO ICON: OK (24/24 point) http=200 t=603ms 
2026-08-23 23:36:01,755 INFO METEOFRANCE: OK (24/24 point) http=200 t=567ms 
2026-08-23 23:36:01,755 INFO UKMO: OK (24/24 point) http=200 t=554ms 
