2026-08-05 00:19:35,713 INFO Log file: /home/runner/work/forecast-redelong/forecast-redelong/outputs/gpm4/logs/forecast_20260805_071935.log
2026-08-05 00:19:35,713 INFO Output dir: /home/runner/work/forecast-redelong/forecast-redelong/outputs/gpm4
2026-08-05 00:19:35,714 INFO Metadata lokasi: slug=gpm4 adm4=11.17.05.2002 bmkg_point=Bale Redelong area_level=provisional_catchment proxy_bmkg=True
2026-08-05 00:19:35,714 INFO Koordinat: lat=4.778238355009202 lon=96.8876539578458 timezone=Asia/Jakarta
2026-08-05 00:19:35,714 INFO Catatan lokasi: Forecast Redelong representative point. BMKG ADM4 reference: 11.17.05.2002 (Bale Redelong). Initial BMKG reference for catchment point Spatial role: provisional_catchment. Area analisis provisional; menunggu konfirmasi batas DAS resmi.
2026-08-05 00:19:35,714 INFO Locations file: /home/runner/work/forecast-redelong/forecast-redelong/locations.json
2026-08-05 00:19:35,714 INFO Mulai proses untuk lokasi GPM4
2026-08-05 00:19:35,714 INFO Target date: 2026-08-08
2026-08-05 00:19:35,714 INFO Target hours: 00:00, 01:00, 02:00, 03:00, 04:00, 05:00, 06:00, 07:00, 08:00, 09:00, 10:00, 11:00, 12:00, 13:00, 14:00, 15:00, 16:00, 17:00, 18:00, 19:00, 20:00, 21:00, 22:00, 23:00
2026-08-05 00:19:35,714 INFO Sumber aktif: BMKG, ECMWF, GFS, ICON, CMA, METEOFRANCE, UKMO
2026-08-05 00:19:35,714 INFO Bobot aktif: BMKG=1.35, CMA=1.0, ECMWF=1.0, GFS=1.0, ICON=1.0, KMA=0.9, METEOFRANCE=1.0, METNO=1.0, UKMO=1.0
2026-08-05 00:19:35,816 INFO BMKG gagal (host=api.bmkg.go.id): BMKG tidak mengembalikan kandidat untuk target date
2026-08-05 00:20:02,285 INFO GFS gagal (host=api.open-meteo.com): HTTP Error 503: Service Unavailable
2026-08-05 00:20:02,324 INFO Selesai.
2026-08-05 00:20:02,324 INFO Sumber sukses: 5/7
2026-08-05 00:20:02,324 INFO Total forecast point: 120
2026-08-05 00:20:02,324 INFO BMKG: FAIL (0/24 point) t=101ms BMKG tidak mengembalikan kandidat untuk target date
2026-08-05 00:20:02,324 INFO CMA: OK (24/24 point) http=200 t=563ms 
2026-08-05 00:20:02,324 INFO ECMWF: OK (24/24 point) http=200 t=602ms 
2026-08-05 00:20:02,324 INFO GFS: FAIL (0/24 point) http=503 t=26469ms HTTP Error 503: Service Unavailable
2026-08-05 00:20:02,324 INFO ICON: OK (24/24 point) http=200 t=567ms 
2026-08-05 00:20:02,324 INFO METEOFRANCE: OK (24/24 point) http=200 t=595ms 
2026-08-05 00:20:02,324 INFO UKMO: OK (24/24 point) http=200 t=743ms 
