2026-09-03 23:26:30,373 INFO Log file: /home/runner/work/forecast-redelong/forecast-redelong/outputs/gpm4/logs/forecast_20260904_062630.log
2026-09-03 23:26:30,373 INFO Output dir: /home/runner/work/forecast-redelong/forecast-redelong/outputs/gpm4
2026-09-03 23:26:30,373 INFO Metadata lokasi: slug=gpm4 adm4=11.17.05.2002 bmkg_point=Bale Redelong area_level=provisional_catchment proxy_bmkg=True
2026-09-03 23:26:30,373 INFO Koordinat: lat=4.778238355009202 lon=96.8876539578458 timezone=Asia/Jakarta
2026-09-03 23:26:30,373 INFO Catatan lokasi: Forecast Redelong representative point. BMKG ADM4 reference: 11.17.05.2002 (Bale Redelong). Initial BMKG reference for catchment point Spatial role: provisional_catchment. Area analisis provisional; menunggu konfirmasi batas DAS resmi.
2026-09-03 23:26:30,373 INFO Locations file: /home/runner/work/forecast-redelong/forecast-redelong/locations.json
2026-09-03 23:26:30,373 INFO Mulai proses untuk lokasi GPM4
2026-09-03 23:26:30,373 INFO Target date: 2026-09-05
2026-09-03 23:26:30,373 INFO Target hours: 00:00, 01:00, 02:00, 03:00, 04:00, 05:00, 06:00, 07:00, 08:00, 09:00, 10:00, 11:00, 12:00, 13:00, 14:00, 15:00, 16:00, 17:00, 18:00, 19:00, 20:00, 21:00, 22:00, 23:00
2026-09-03 23:26:30,373 INFO Sumber aktif: BMKG, ECMWF, GFS, ICON, CMA, METEOFRANCE, UKMO
2026-09-03 23:26:30,373 INFO Bobot aktif: BMKG=1.35, CMA=1.0, ECMWF=1.0, GFS=1.0, ICON=1.0, KMA=0.9, METEOFRANCE=1.0, METNO=1.0, UKMO=1.0
2026-09-03 23:26:30,948 INFO Selesai.
2026-09-03 23:26:30,948 INFO Sumber sukses: 7/7
2026-09-03 23:26:30,948 INFO Total forecast point: 168
2026-09-03 23:26:30,948 INFO BMKG: OK (24/24 point) http=200 t=45ms 
2026-09-03 23:26:30,948 INFO CMA: OK (24/24 point) http=200 t=66ms 
2026-09-03 23:26:30,948 INFO ECMWF: OK (24/24 point) http=200 t=65ms 
2026-09-03 23:26:30,948 INFO GFS: OK (24/24 point) http=200 t=67ms 
2026-09-03 23:26:30,948 INFO ICON: OK (24/24 point) http=200 t=64ms 
2026-09-03 23:26:30,948 INFO METEOFRANCE: OK (24/24 point) http=200 t=81ms 
2026-09-03 23:26:30,948 INFO UKMO: OK (24/24 point) http=200 t=65ms 
2026-09-03 23:26:30,952 INFO Log file: /home/runner/work/forecast-redelong/forecast-redelong/outputs/gpm4/logs/forecast_20260904_062630.log
2026-09-03 23:26:30,952 INFO Output dir: /home/runner/work/forecast-redelong/forecast-redelong/outputs/gpm4
2026-09-03 23:26:30,952 INFO Metadata lokasi: slug=gpm4 adm4=11.17.05.2002 bmkg_point=Bale Redelong area_level=provisional_catchment proxy_bmkg=True
2026-09-03 23:26:30,952 INFO Koordinat: lat=4.778238355009202 lon=96.8876539578458 timezone=Asia/Jakarta
2026-09-03 23:26:30,952 INFO Catatan lokasi: Forecast Redelong representative point. BMKG ADM4 reference: 11.17.05.2002 (Bale Redelong). Initial BMKG reference for catchment point Spatial role: provisional_catchment. Area analisis provisional; menunggu konfirmasi batas DAS resmi.
2026-09-03 23:26:30,952 INFO Locations file: /home/runner/work/forecast-redelong/forecast-redelong/locations.json
2026-09-03 23:26:30,952 INFO Mulai proses untuk lokasi GPM4
2026-09-03 23:26:30,952 INFO Target date: 2026-09-06
2026-09-03 23:26:30,952 INFO Target hours: 00:00, 01:00, 02:00, 03:00, 04:00, 05:00, 06:00, 07:00, 08:00, 09:00, 10:00, 11:00, 12:00, 13:00, 14:00, 15:00, 16:00, 17:00, 18:00, 19:00, 20:00, 21:00, 22:00, 23:00
2026-09-03 23:26:30,952 INFO Sumber aktif: BMKG, ECMWF, GFS, ICON, CMA, METEOFRANCE, UKMO
2026-09-03 23:26:30,952 INFO Bobot aktif: BMKG=1.35, CMA=1.0, ECMWF=1.0, GFS=1.0, ICON=1.0, KMA=0.9, METEOFRANCE=1.0, METNO=1.0, UKMO=1.0
2026-09-03 23:26:53,776 INFO Selesai.
2026-09-03 23:26:53,776 INFO Sumber sukses: 7/7
2026-09-03 23:26:53,776 INFO Total forecast point: 168
2026-09-03 23:26:53,776 INFO BMKG: OK (24/24 point) http=200 t=28ms 
2026-09-03 23:26:53,776 INFO CMA: OK (24/24 point) http=200 t=67ms 
2026-09-03 23:26:53,776 INFO ECMWF: OK (24/24 point) http=200 t=65ms 
2026-09-03 23:26:53,776 INFO GFS: OK (24/24 point) http=200 t=67ms 
2026-09-03 23:26:53,776 INFO ICON: OK (24/24 point) http=200 t=67ms 
2026-09-03 23:26:53,776 INFO METEOFRANCE: OK (24/24 point) http=200 t=69ms 
2026-09-03 23:26:53,776 INFO UKMO: OK (24/24 point) http=200 t=66ms 
