2026-09-25 01:31:20,089 INFO Log file: /home/runner/work/forecast-redelong/forecast-redelong/outputs/gpm4/logs/forecast_20260925_083120.log
2026-09-25 01:31:20,089 INFO Output dir: /home/runner/work/forecast-redelong/forecast-redelong/outputs/gpm4
2026-09-25 01:31:20,089 INFO Metadata lokasi: slug=gpm4 adm4=11.17.05.2002 bmkg_point=Bale Redelong area_level=provisional_catchment proxy_bmkg=True
2026-09-25 01:31:20,089 INFO Koordinat: lat=4.778238355009202 lon=96.8876539578458 timezone=Asia/Jakarta
2026-09-25 01:31:20,089 INFO Catatan lokasi: Forecast Redelong representative point. BMKG ADM4 reference: 11.17.05.2002 (Bale Redelong). Initial BMKG reference for catchment point Spatial role: provisional_catchment. Area analisis provisional; menunggu konfirmasi batas DAS resmi.
2026-09-25 01:31:20,089 INFO Locations file: /home/runner/work/forecast-redelong/forecast-redelong/locations.json
2026-09-25 01:31:20,089 INFO Mulai proses untuk lokasi GPM4
2026-09-25 01:31:20,089 INFO Target date: 2026-09-25
2026-09-25 01:31:20,089 INFO Target hours: 00:00, 01:00, 02:00, 03:00, 04:00, 05:00, 06:00, 07:00, 08:00, 09:00, 10:00, 11:00, 12:00, 13:00, 14:00, 15:00, 16:00, 17:00, 18:00, 19:00, 20:00, 21:00, 22:00, 23:00
2026-09-25 01:31:20,089 INFO Sumber aktif: BMKG, ECMWF, GFS, ICON, CMA, METEOFRANCE, UKMO
2026-09-25 01:31:20,089 INFO Bobot aktif: BMKG=1.35, CMA=1.0, ECMWF=1.0, GFS=1.0, ICON=1.0, KMA=0.9, METEOFRANCE=1.0, METNO=1.0, UKMO=1.0
2026-09-25 01:31:20,643 INFO Selesai.
2026-09-25 01:31:20,643 INFO Sumber sukses: 7/7
2026-09-25 01:31:20,643 INFO Total forecast point: 162
2026-09-25 01:31:20,643 INFO BMKG: OK (18/24 point) http=200 t=30ms 
2026-09-25 01:31:20,643 INFO CMA: OK (24/24 point) http=200 t=65ms 
2026-09-25 01:31:20,643 INFO ECMWF: OK (24/24 point) http=200 t=65ms 
2026-09-25 01:31:20,643 INFO GFS: OK (24/24 point) http=200 t=66ms 
2026-09-25 01:31:20,643 INFO ICON: OK (24/24 point) http=200 t=65ms 
2026-09-25 01:31:20,643 INFO METEOFRANCE: OK (24/24 point) http=200 t=64ms 
2026-09-25 01:31:20,644 INFO UKMO: OK (24/24 point) http=200 t=67ms 
2026-09-25 01:31:20,647 INFO Log file: /home/runner/work/forecast-redelong/forecast-redelong/outputs/gpm4/logs/forecast_20260925_083120.log
2026-09-25 01:31:20,647 INFO Output dir: /home/runner/work/forecast-redelong/forecast-redelong/outputs/gpm4
2026-09-25 01:31:20,647 INFO Metadata lokasi: slug=gpm4 adm4=11.17.05.2002 bmkg_point=Bale Redelong area_level=provisional_catchment proxy_bmkg=True
2026-09-25 01:31:20,647 INFO Koordinat: lat=4.778238355009202 lon=96.8876539578458 timezone=Asia/Jakarta
2026-09-25 01:31:20,647 INFO Catatan lokasi: Forecast Redelong representative point. BMKG ADM4 reference: 11.17.05.2002 (Bale Redelong). Initial BMKG reference for catchment point Spatial role: provisional_catchment. Area analisis provisional; menunggu konfirmasi batas DAS resmi.
2026-09-25 01:31:20,647 INFO Locations file: /home/runner/work/forecast-redelong/forecast-redelong/locations.json
2026-09-25 01:31:20,648 INFO Mulai proses untuk lokasi GPM4
2026-09-25 01:31:20,648 INFO Target date: 2026-09-26
2026-09-25 01:31:20,648 INFO Target hours: 00:00, 01:00, 02:00, 03:00, 04:00, 05:00, 06:00, 07:00, 08:00, 09:00, 10:00, 11:00, 12:00, 13:00, 14:00, 15:00, 16:00, 17:00, 18:00, 19:00, 20:00, 21:00, 22:00, 23:00
2026-09-25 01:31:20,648 INFO Sumber aktif: BMKG, ECMWF, GFS, ICON, CMA, METEOFRANCE, UKMO
2026-09-25 01:31:20,648 INFO Bobot aktif: BMKG=1.35, CMA=1.0, ECMWF=1.0, GFS=1.0, ICON=1.0, KMA=0.9, METEOFRANCE=1.0, METNO=1.0, UKMO=1.0
2026-09-25 01:31:21,199 INFO Selesai.
2026-09-25 01:31:21,199 INFO Sumber sukses: 7/7
2026-09-25 01:31:21,199 INFO Total forecast point: 168
2026-09-25 01:31:21,199 INFO BMKG: OK (24/24 point) http=200 t=33ms 
2026-09-25 01:31:21,199 INFO CMA: OK (24/24 point) http=200 t=67ms 
2026-09-25 01:31:21,199 INFO ECMWF: OK (24/24 point) http=200 t=64ms 
2026-09-25 01:31:21,199 INFO GFS: OK (24/24 point) http=200 t=64ms 
2026-09-25 01:31:21,199 INFO ICON: OK (24/24 point) http=200 t=62ms 
2026-09-25 01:31:21,199 INFO METEOFRANCE: OK (24/24 point) http=200 t=66ms 
2026-09-25 01:31:21,199 INFO UKMO: OK (24/24 point) http=200 t=66ms 
