2026-07-28 08:11:00,538 INFO Log file: /home/runner/work/forecast-redelong/forecast-redelong/outputs/gpm4/logs/forecast_20260728_151100.log
2026-07-28 08:11:00,538 INFO Output dir: /home/runner/work/forecast-redelong/forecast-redelong/outputs/gpm4
2026-07-28 08:11:00,538 INFO Metadata lokasi: slug=gpm4 adm4=11.17.05.2002 bmkg_point=Bale Redelong area_level=provisional_catchment proxy_bmkg=True
2026-07-28 08:11:00,538 INFO Koordinat: lat=4.778238355009202 lon=96.8876539578458 timezone=Asia/Jakarta
2026-07-28 08:11:00,538 INFO Catatan lokasi: Forecast Redelong representative point. BMKG ADM4 reference: 11.17.05.2002 (Bale Redelong). Initial BMKG reference for catchment point Spatial role: provisional_catchment. Area analisis provisional; menunggu konfirmasi batas DAS resmi.
2026-07-28 08:11:00,539 INFO Locations file: /home/runner/work/forecast-redelong/forecast-redelong/locations.json
2026-07-28 08:11:00,539 INFO Mulai proses untuk lokasi GPM4
2026-07-28 08:11:00,539 INFO Target date: 2026-07-30
2026-07-28 08:11:00,539 INFO Target hours: 00:00, 01:00, 02:00, 03:00, 04:00, 05:00, 06:00, 07:00, 08:00, 09:00, 10:00, 11:00, 12:00, 13:00, 14:00, 15:00, 16:00, 17:00, 18:00, 19:00, 20:00, 21:00, 22:00, 23:00
2026-07-28 08:11:00,539 INFO Sumber aktif: BMKG, ECMWF, GFS, ICON, CMA, METEOFRANCE, UKMO
2026-07-28 08:11:00,539 INFO Bobot aktif: BMKG=1.35, CMA=1.0, ECMWF=1.0, GFS=1.0, ICON=1.0, KMA=0.9, METEOFRANCE=1.0, METNO=1.0, UKMO=1.0
2026-07-28 08:11:03,177 INFO Selesai.
2026-07-28 08:11:03,177 INFO Sumber sukses: 7/7
2026-07-28 08:11:03,177 INFO Total forecast point: 168
2026-07-28 08:11:03,177 INFO BMKG: OK (24/24 point) http=200 t=27ms 
2026-07-28 08:11:03,177 INFO CMA: OK (24/24 point) http=200 t=423ms 
2026-07-28 08:11:03,177 INFO ECMWF: OK (24/24 point) http=200 t=413ms 
2026-07-28 08:11:03,177 INFO GFS: OK (24/24 point) http=200 t=412ms 
2026-07-28 08:11:03,177 INFO ICON: OK (24/24 point) http=200 t=410ms 
2026-07-28 08:11:03,177 INFO METEOFRANCE: OK (24/24 point) http=200 t=417ms 
2026-07-28 08:11:03,177 INFO UKMO: OK (24/24 point) http=200 t=403ms 
