2026-08-05 23:34:34,612 INFO Log file: /home/runner/work/forecast-redelong/forecast-redelong/outputs/pltm_besai_kemu_sumberjaya/logs/forecast_20260806_063434.log
2026-08-05 23:34:34,612 INFO Output dir: /home/runner/work/forecast-redelong/forecast-redelong/outputs/pltm_besai_kemu_sumberjaya
2026-08-05 23:34:34,612 INFO Metadata lokasi: slug=pltm_besai_kemu_sumberjaya adm4=18.08.03.2017 bmkg_point=Kemu area_level=independent_site_engineering_point proxy_bmkg=True
2026-08-05 23:34:34,612 INFO Koordinat: lat=-5.009188889 lon=104.483483333 timezone=Asia/Jakarta
2026-08-05 23:34:34,612 INFO Catatan lokasi: Stasiun Hujan Sumberjaya engineering forecast reference for PLTM Besai Kemu. The catchment polygon remains pending.
2026-08-05 23:34:34,612 INFO Locations file: /home/runner/work/forecast-redelong/forecast-redelong/locations.json
2026-08-05 23:34:34,613 INFO Mulai proses untuk lokasi Stasiun Hujan Sumberjaya
2026-08-05 23:34:34,613 INFO Target date: 2026-08-09
2026-08-05 23:34:34,613 INFO Target hours: 00:00, 01:00, 02:00, 03:00, 04:00, 05:00, 06:00, 07:00, 08:00, 09:00, 10:00, 11:00, 12:00, 13:00, 14:00, 15:00, 16:00, 17:00, 18:00, 19:00, 20:00, 21:00, 22:00, 23:00
2026-08-05 23:34:34,613 INFO Sumber aktif: BMKG, ECMWF, GFS, ICON, CMA, METEOFRANCE, UKMO
2026-08-05 23:34:34,613 INFO Bobot aktif: BMKG=1.35, CMA=1.0, ECMWF=1.0, GFS=1.0, ICON=1.0, KMA=0.9, METEOFRANCE=1.0, METNO=1.0, UKMO=1.0
2026-08-05 23:34:34,666 INFO BMKG gagal (host=api.bmkg.go.id): BMKG tidak mengembalikan kandidat untuk target date
2026-08-05 23:34:37,283 INFO Selesai.
2026-08-05 23:34:37,283 INFO Sumber sukses: 6/7
2026-08-05 23:34:37,283 INFO Total forecast point: 144
2026-08-05 23:34:37,283 INFO BMKG: FAIL (0/24 point) t=52ms BMKG tidak mengembalikan kandidat untuk target date
2026-08-05 23:34:37,283 INFO CMA: OK (24/24 point) http=200 t=418ms 
2026-08-05 23:34:37,283 INFO ECMWF: OK (24/24 point) http=200 t=431ms 
2026-08-05 23:34:37,283 INFO GFS: OK (24/24 point) http=200 t=416ms 
2026-08-05 23:34:37,283 INFO ICON: OK (24/24 point) http=200 t=399ms 
2026-08-05 23:34:37,283 INFO METEOFRANCE: OK (24/24 point) http=200 t=421ms 
2026-08-05 23:34:37,283 INFO UKMO: OK (24/24 point) http=200 t=426ms 
