2026-09-03 23:29:38,187 INFO Log file: /home/runner/work/forecast-redelong/forecast-redelong/outputs/pltm_besai_kemu_sumberjaya/logs/forecast_20260904_062938.log
2026-09-03 23:29:38,187 INFO Output dir: /home/runner/work/forecast-redelong/forecast-redelong/outputs/pltm_besai_kemu_sumberjaya
2026-09-03 23:29:38,188 INFO Metadata lokasi: slug=pltm_besai_kemu_sumberjaya adm4=18.08.03.2017 bmkg_point=Kemu area_level=independent_site_engineering_point proxy_bmkg=True
2026-09-03 23:29:38,188 INFO Koordinat: lat=-5.009188889 lon=104.483483333 timezone=Asia/Jakarta
2026-09-03 23:29:38,188 INFO Catatan lokasi: Stasiun Hujan Sumberjaya engineering forecast reference for PLTM Besai Kemu. The catchment polygon remains pending.
2026-09-03 23:29:38,188 INFO Locations file: /home/runner/work/forecast-redelong/forecast-redelong/locations.json
2026-09-03 23:29:38,188 INFO Mulai proses untuk lokasi Stasiun Hujan Sumberjaya
2026-09-03 23:29:38,188 INFO Target date: 2026-09-05
2026-09-03 23:29:38,188 INFO Target hours: 00:00, 01:00, 02:00, 03:00, 04:00, 05:00, 06:00, 07:00, 08:00, 09:00, 10:00, 11:00, 12:00, 13:00, 14:00, 15:00, 16:00, 17:00, 18:00, 19:00, 20:00, 21:00, 22:00, 23:00
2026-09-03 23:29:38,188 INFO Sumber aktif: BMKG, ECMWF, GFS, ICON, CMA, METEOFRANCE, UKMO
2026-09-03 23:29:38,188 INFO Bobot aktif: BMKG=1.35, CMA=1.0, ECMWF=1.0, GFS=1.0, ICON=1.0, KMA=0.9, METEOFRANCE=1.0, METNO=1.0, UKMO=1.0
2026-09-03 23:30:20,572 INFO ECMWF gagal (host=api.open-meteo.com): <urlopen error _ssl.c:999: The handshake operation timed out>
2026-09-03 23:31:02,186 INFO ICON gagal (host=api.open-meteo.com): <urlopen error _ssl.c:999: The handshake operation timed out>
2026-09-03 23:31:44,938 INFO GFS gagal (host=api.open-meteo.com): The read operation timed out
2026-09-03 23:31:44,975 INFO Selesai.
2026-09-03 23:31:44,975 INFO Sumber sukses: 4/7
2026-09-03 23:31:44,975 INFO Total forecast point: 96
2026-09-03 23:31:44,975 WARNING Jumlah sumber sukses di bawah ambang minimum: 4 < 5
2026-09-03 23:31:44,975 WARNING Coverage terbatas pada jam: 00:00, 01:00, 02:00, 03:00, 04:00, 05:00, 06:00, 07:00, 08:00, 09:00, 10:00, 11:00, 12:00, 13:00, 14:00, 15:00, 16:00, 17:00, 18:00, 19:00, 20:00, 21:00, 22:00, 23:00
2026-09-03 23:31:44,975 INFO BMKG: OK (24/24 point) http=200 t=30ms 
2026-09-03 23:31:44,975 INFO CMA: OK (24/24 point) http=200 t=93ms 
2026-09-03 23:31:44,975 INFO ECMWF: FAIL (0/24 point) t=42383ms <urlopen error _ssl.c:999: The handshake operation timed out>
2026-09-03 23:31:44,975 INFO GFS: FAIL (0/24 point) t=126690ms The read operation timed out
2026-09-03 23:31:44,975 INFO ICON: FAIL (0/24 point) t=41614ms <urlopen error _ssl.c:999: The handshake operation timed out>
2026-09-03 23:31:44,975 INFO METEOFRANCE: OK (24/24 point) http=200 t=75ms 
2026-09-03 23:31:44,975 INFO UKMO: OK (24/24 point) http=200 t=80ms 
