2026-10-01 02:11:37,426 INFO Log file: /home/runner/work/forecast-redelong/forecast-redelong/outputs/pltm_besai_kemu_sumberjaya/logs/forecast_20261001_091137.log
2026-10-01 02:11:37,426 INFO Output dir: /home/runner/work/forecast-redelong/forecast-redelong/outputs/pltm_besai_kemu_sumberjaya
2026-10-01 02:11:37,426 INFO Metadata lokasi: slug=pltm_besai_kemu_sumberjaya adm4=18.08.03.2017 bmkg_point=Kemu area_level=independent_site_engineering_point proxy_bmkg=True
2026-10-01 02:11:37,426 INFO Koordinat: lat=-5.009188889 lon=104.483483333 timezone=Asia/Jakarta
2026-10-01 02:11:37,426 INFO Catatan lokasi: Stasiun Hujan Sumberjaya engineering forecast reference for PLTM Besai Kemu. The catchment polygon remains pending.
2026-10-01 02:11:37,426 INFO Locations file: /home/runner/work/forecast-redelong/forecast-redelong/locations.json
2026-10-01 02:11:37,426 INFO Mulai proses untuk lokasi Stasiun Hujan Sumberjaya
2026-10-01 02:11:37,426 INFO Target date: 2026-10-03
2026-10-01 02:11:37,426 INFO Target hours: 00:00, 01:00, 02:00, 03:00, 04:00, 05:00, 06:00, 07:00, 08:00, 09:00, 10:00, 11:00, 12:00, 13:00, 14:00, 15:00, 16:00, 17:00, 18:00, 19:00, 20:00, 21:00, 22:00, 23:00
2026-10-01 02:11:37,426 INFO Sumber aktif: BMKG, ECMWF, GFS, ICON, CMA, METEOFRANCE, UKMO
2026-10-01 02:11:37,426 INFO Bobot aktif: BMKG=1.35, CMA=1.0, ECMWF=1.0, GFS=1.0, ICON=1.0, KMA=0.9, METEOFRANCE=1.0, METNO=1.0, UKMO=1.0
2026-10-01 02:11:37,966 INFO Selesai.
2026-10-01 02:11:37,966 INFO Sumber sukses: 7/7
2026-10-01 02:11:37,966 INFO Total forecast point: 168
2026-10-01 02:11:37,966 INFO BMKG: OK (24/24 point) http=200 t=22ms 
2026-10-01 02:11:37,966 INFO CMA: OK (24/24 point) http=200 t=77ms 
2026-10-01 02:11:37,966 INFO ECMWF: OK (24/24 point) http=200 t=67ms 
2026-10-01 02:11:37,966 INFO GFS: OK (24/24 point) http=200 t=66ms 
2026-10-01 02:11:37,966 INFO ICON: OK (24/24 point) http=200 t=62ms 
2026-10-01 02:11:37,966 INFO METEOFRANCE: OK (24/24 point) http=200 t=80ms 
2026-10-01 02:11:37,966 INFO UKMO: OK (24/24 point) http=200 t=63ms 
2026-10-01 02:11:37,969 INFO Log file: /home/runner/work/forecast-redelong/forecast-redelong/outputs/pltm_besai_kemu_sumberjaya/logs/forecast_20261001_091137.log
2026-10-01 02:11:37,969 INFO Output dir: /home/runner/work/forecast-redelong/forecast-redelong/outputs/pltm_besai_kemu_sumberjaya
2026-10-01 02:11:37,969 INFO Metadata lokasi: slug=pltm_besai_kemu_sumberjaya adm4=18.08.03.2017 bmkg_point=Kemu area_level=independent_site_engineering_point proxy_bmkg=True
2026-10-01 02:11:37,969 INFO Koordinat: lat=-5.009188889 lon=104.483483333 timezone=Asia/Jakarta
2026-10-01 02:11:37,969 INFO Catatan lokasi: Stasiun Hujan Sumberjaya engineering forecast reference for PLTM Besai Kemu. The catchment polygon remains pending.
2026-10-01 02:11:37,969 INFO Locations file: /home/runner/work/forecast-redelong/forecast-redelong/locations.json
2026-10-01 02:11:37,969 INFO Mulai proses untuk lokasi Stasiun Hujan Sumberjaya
2026-10-01 02:11:37,969 INFO Target date: 2026-10-04
2026-10-01 02:11:37,969 INFO Target hours: 00:00, 01:00, 02:00, 03:00, 04:00, 05:00, 06:00, 07:00, 08:00, 09:00, 10:00, 11:00, 12:00, 13:00, 14:00, 15:00, 16:00, 17:00, 18:00, 19:00, 20:00, 21:00, 22:00, 23:00
2026-10-01 02:11:37,969 INFO Sumber aktif: BMKG, ECMWF, GFS, ICON, CMA, METEOFRANCE, UKMO
2026-10-01 02:11:37,969 INFO Bobot aktif: BMKG=1.35, CMA=1.0, ECMWF=1.0, GFS=1.0, ICON=1.0, KMA=0.9, METEOFRANCE=1.0, METNO=1.0, UKMO=1.0
2026-10-01 02:11:38,014 INFO BMKG gagal (host=api.bmkg.go.id): BMKG tidak mengembalikan kandidat untuk target date
2026-10-01 02:11:38,567 INFO Selesai.
2026-10-01 02:11:38,567 INFO Sumber sukses: 6/7
2026-10-01 02:11:38,567 INFO Total forecast point: 144
2026-10-01 02:11:38,567 INFO BMKG: FAIL (0/24 point) t=44ms BMKG tidak mengembalikan kandidat untuk target date
2026-10-01 02:11:38,567 INFO CMA: OK (24/24 point) http=200 t=65ms 
2026-10-01 02:11:38,567 INFO ECMWF: OK (24/24 point) http=200 t=79ms 
2026-10-01 02:11:38,567 INFO GFS: OK (24/24 point) http=200 t=64ms 
2026-10-01 02:11:38,567 INFO ICON: OK (24/24 point) http=200 t=66ms 
2026-10-01 02:11:38,567 INFO METEOFRANCE: OK (24/24 point) http=200 t=75ms 
2026-10-01 02:11:38,567 INFO UKMO: OK (24/24 point) http=200 t=63ms 
