2026-09-03 23:33:55,964 INFO Log file: /home/runner/work/forecast-redelong/forecast-redelong/outputs/pltm_besai_kemu_sumberjaya/logs/forecast_20260904_063355.log
2026-09-03 23:33:55,964 INFO Output dir: /home/runner/work/forecast-redelong/forecast-redelong/outputs/pltm_besai_kemu_sumberjaya
2026-09-03 23:33:55,964 INFO Metadata lokasi: slug=pltm_besai_kemu_sumberjaya adm4=18.08.03.2017 bmkg_point=Kemu area_level=independent_site_engineering_point proxy_bmkg=True
2026-09-03 23:33:55,964 INFO Koordinat: lat=-5.009188889 lon=104.483483333 timezone=Asia/Jakarta
2026-09-03 23:33:55,964 INFO Catatan lokasi: Stasiun Hujan Sumberjaya engineering forecast reference for PLTM Besai Kemu. The catchment polygon remains pending.
2026-09-03 23:33:55,964 INFO Locations file: /home/runner/work/forecast-redelong/forecast-redelong/locations.json
2026-09-03 23:33:55,965 INFO Mulai proses untuk lokasi Stasiun Hujan Sumberjaya
2026-09-03 23:33:55,965 INFO Target date: 2026-09-07
2026-09-03 23:33:55,965 INFO Target hours: 00:00, 01:00, 02:00, 03:00, 04:00, 05:00, 06:00, 07:00, 08:00, 09:00, 10:00, 11:00, 12:00, 13:00, 14:00, 15:00, 16:00, 17:00, 18:00, 19:00, 20:00, 21:00, 22:00, 23:00
2026-09-03 23:33:55,965 INFO Sumber aktif: BMKG, ECMWF, GFS, ICON, CMA, METEOFRANCE, UKMO
2026-09-03 23:33:55,965 INFO Bobot aktif: BMKG=1.35, CMA=1.0, ECMWF=1.0, GFS=1.0, ICON=1.0, KMA=0.9, METEOFRANCE=1.0, METNO=1.0, UKMO=1.0
2026-09-03 23:33:56,029 INFO BMKG gagal (host=api.bmkg.go.id): BMKG tidak mengembalikan kandidat untuk target date
2026-09-03 23:35:20,603 INFO GFS gagal (host=api.open-meteo.com): The read operation timed out
2026-09-03 23:35:20,644 INFO Selesai.
2026-09-03 23:35:20,645 INFO Sumber sukses: 5/7
2026-09-03 23:35:20,645 INFO Total forecast point: 120
2026-09-03 23:35:20,645 INFO BMKG: FAIL (0/24 point) t=64ms BMKG tidak mengembalikan kandidat untuk target date
2026-09-03 23:35:20,645 INFO CMA: OK (24/24 point) http=200 t=76ms 
2026-09-03 23:35:20,645 INFO ECMWF: OK (24/24 point) http=200 t=19851ms 
2026-09-03 23:35:20,645 INFO GFS: FAIL (0/24 point) t=84574ms The read operation timed out
2026-09-03 23:35:20,645 INFO ICON: OK (24/24 point) http=200 t=76ms 
2026-09-03 23:35:20,645 INFO METEOFRANCE: OK (24/24 point) http=200 t=67ms 
2026-09-03 23:35:20,645 INFO UKMO: OK (24/24 point) http=200 t=67ms 
