2026-10-03 02:07:17,486 INFO Log file: /home/runner/work/forecast-redelong/forecast-redelong/outputs/pltm_besai_kemu_sumberjaya/logs/forecast_20261003_090717.log
2026-10-03 02:07:17,486 INFO Output dir: /home/runner/work/forecast-redelong/forecast-redelong/outputs/pltm_besai_kemu_sumberjaya
2026-10-03 02:07:17,486 INFO Metadata lokasi: slug=pltm_besai_kemu_sumberjaya adm4=18.08.03.2017 bmkg_point=Kemu area_level=independent_site_engineering_point proxy_bmkg=True
2026-10-03 02:07:17,486 INFO Koordinat: lat=-5.009188889 lon=104.483483333 timezone=Asia/Jakarta
2026-10-03 02:07:17,486 INFO Catatan lokasi: Stasiun Hujan Sumberjaya engineering forecast reference for PLTM Besai Kemu. The catchment polygon remains pending.
2026-10-03 02:07:17,486 INFO Locations file: /home/runner/work/forecast-redelong/forecast-redelong/locations.json
2026-10-03 02:07:17,486 INFO Mulai proses untuk lokasi Stasiun Hujan Sumberjaya
2026-10-03 02:07:17,486 INFO Target date: 2026-10-06
2026-10-03 02:07:17,486 INFO Target hours: 00:00, 01:00, 02:00, 03:00, 04:00, 05:00, 06:00, 07:00, 08:00, 09:00, 10:00, 11:00, 12:00, 13:00, 14:00, 15:00, 16:00, 17:00, 18:00, 19:00, 20:00, 21:00, 22:00, 23:00
2026-10-03 02:07:17,486 INFO Sumber aktif: BMKG, ECMWF, GFS, ICON, CMA, METEOFRANCE, UKMO
2026-10-03 02:07:17,486 INFO Bobot aktif: BMKG=1.35, CMA=1.0, ECMWF=1.0, GFS=1.0, ICON=1.0, KMA=0.9, METEOFRANCE=1.0, METNO=1.0, UKMO=1.0
2026-10-03 02:07:17,715 INFO BMKG gagal (host=api.bmkg.go.id): BMKG tidak mengembalikan kandidat untuk target date
2026-10-03 02:07:20,748 INFO Selesai.
2026-10-03 02:07:20,748 INFO Sumber sukses: 6/7
2026-10-03 02:07:20,748 INFO Total forecast point: 144
2026-10-03 02:07:20,748 INFO BMKG: FAIL (0/24 point) t=228ms BMKG tidak mengembalikan kandidat untuk target date
2026-10-03 02:07:20,748 INFO CMA: OK (24/24 point) http=200 t=489ms 
2026-10-03 02:07:20,748 INFO ECMWF: OK (24/24 point) http=200 t=497ms 
2026-10-03 02:07:20,748 INFO GFS: OK (24/24 point) http=200 t=548ms 
2026-10-03 02:07:20,748 INFO ICON: OK (24/24 point) http=200 t=498ms 
2026-10-03 02:07:20,748 INFO METEOFRANCE: OK (24/24 point) http=200 t=495ms 
2026-10-03 02:07:20,748 INFO UKMO: OK (24/24 point) http=200 t=574ms 
