2026-07-31 00:18:59,810 INFO Log file: /home/runner/work/forecast-redelong/forecast-redelong/outputs/gpm3/logs/forecast_20260731_071859.log
2026-07-31 00:18:59,810 INFO Output dir: /home/runner/work/forecast-redelong/forecast-redelong/outputs/gpm3
2026-07-31 00:18:59,810 INFO Metadata lokasi: slug=gpm3 adm4=11.17.05.2002 bmkg_point=Bale Redelong area_level=provisional_catchment proxy_bmkg=True
2026-07-31 00:18:59,810 INFO Koordinat: lat=4.815409756944025 lon=97.009911990332 timezone=Asia/Jakarta
2026-07-31 00:18:59,810 INFO Catatan lokasi: Forecast Redelong representative point. BMKG ADM4 reference: 11.17.05.2002 (Bale Redelong). Initial BMKG reference for catchment point Spatial role: provisional_catchment. Area analisis provisional; menunggu konfirmasi batas DAS resmi.
2026-07-31 00:18:59,810 INFO Locations file: /home/runner/work/forecast-redelong/forecast-redelong/locations.json
2026-07-31 00:18:59,810 INFO Mulai proses untuk lokasi GPM3
2026-07-31 00:18:59,810 INFO Target date: 2026-08-03
2026-07-31 00:18:59,810 INFO Target hours: 00:00, 01:00, 02:00, 03:00, 04:00, 05:00, 06:00, 07:00, 08:00, 09:00, 10:00, 11:00, 12:00, 13:00, 14:00, 15:00, 16:00, 17:00, 18:00, 19:00, 20:00, 21:00, 22:00, 23:00
2026-07-31 00:18:59,810 INFO Sumber aktif: BMKG, ECMWF, GFS, ICON, CMA, METEOFRANCE, UKMO
2026-07-31 00:18:59,810 INFO Bobot aktif: BMKG=1.35, CMA=1.0, ECMWF=1.0, GFS=1.0, ICON=1.0, KMA=0.9, METEOFRANCE=1.0, METNO=1.0, UKMO=1.0
2026-07-31 00:18:59,855 INFO BMKG gagal (host=api.bmkg.go.id): BMKG tidak mengembalikan kandidat untuk target date
2026-07-31 00:19:24,980 INFO Selesai.
2026-07-31 00:19:24,980 INFO Sumber sukses: 6/7
2026-07-31 00:19:24,980 INFO Total forecast point: 144
2026-07-31 00:19:24,980 INFO BMKG: FAIL (0/24 point) t=44ms BMKG tidak mengembalikan kandidat untuk target date
2026-07-31 00:19:24,980 INFO CMA: OK (24/24 point) http=200 t=480ms 
2026-07-31 00:19:24,980 INFO ECMWF: OK (24/24 point) http=200 t=445ms 
2026-07-31 00:19:24,980 INFO GFS: OK (24/24 point) http=200 t=468ms 
2026-07-31 00:19:24,980 INFO ICON: OK (24/24 point) http=200 t=469ms 
2026-07-31 00:19:24,980 INFO METEOFRANCE: OK (24/24 point) http=200 t=472ms 
2026-07-31 00:19:24,980 INFO UKMO: OK (24/24 point) http=200 t=490ms 
