2026-09-15 23:45:40,920 INFO Log file: /home/runner/work/forecast-redelong/forecast-redelong/outputs/gpm_grid_tamatue/logs/forecast_20260916_064540.log
2026-09-15 23:45:40,920 INFO Output dir: /home/runner/work/forecast-redelong/forecast-redelong/outputs/gpm_grid_tamatue
2026-09-15 23:45:40,920 INFO Metadata lokasi: slug=gpm_grid_tamatue adm4=11.17.05.2002 bmkg_point=Bale Redelong area_level=external_comparison proxy_bmkg=True
2026-09-15 23:45:40,920 INFO Koordinat: lat=4.649902718619309 lon=96.85017949357464 timezone=Asia/Jakarta
2026-09-15 23:45:40,920 INFO Catatan lokasi: Forecast Redelong representative point. BMKG ADM4 reference: 11.17.05.2002 (Bale Redelong). Initial BMKG reference for catchment grid Spatial role: external_comparison. Grid terpisah dan terlalu jauh untuk langsung diasumsikan berkontribusi; hanya titik pembanding sampai konektivitas DAS dikonfirmasi.
2026-09-15 23:45:40,920 INFO Locations file: /home/runner/work/forecast-redelong/forecast-redelong/locations.json
2026-09-15 23:45:40,920 INFO Mulai proses untuk lokasi GPM Grid TamaTue
2026-09-15 23:45:40,920 INFO Target date: 2026-09-16
2026-09-15 23:45:40,920 INFO Target hours: 00:00, 01:00, 02:00, 03:00, 04:00, 05:00, 06:00, 07:00, 08:00, 09:00, 10:00, 11:00, 12:00, 13:00, 14:00, 15:00, 16:00, 17:00, 18:00, 19:00, 20:00, 21:00, 22:00, 23:00
2026-09-15 23:45:40,921 INFO Sumber aktif: BMKG, ECMWF, GFS, ICON, CMA, METEOFRANCE, UKMO
2026-09-15 23:45:40,921 INFO Bobot aktif: BMKG=1.35, CMA=1.0, ECMWF=1.0, GFS=1.0, ICON=1.0, KMA=0.9, METEOFRANCE=1.0, METNO=1.0, UKMO=1.0
2026-09-15 23:46:22,471 INFO BMKG gagal (host=api.bmkg.go.id): The read operation timed out
2026-09-15 23:46:31,312 INFO ICON gagal (host=api.open-meteo.com): The read operation timed out
2026-09-15 23:47:10,250 INFO Selesai.
2026-09-15 23:47:10,250 INFO Sumber sukses: 5/7
2026-09-15 23:47:10,250 INFO Total forecast point: 120
2026-09-15 23:47:10,250 INFO BMKG: FAIL (0/24 point) t=41550ms The read operation timed out
2026-09-15 23:47:10,250 INFO CMA: OK (24/24 point) http=200 t=88ms 
2026-09-15 23:47:10,250 INFO ECMWF: OK (24/24 point) http=200 t=66ms 
2026-09-15 23:47:10,250 INFO GFS: OK (24/24 point) http=200 t=8532ms 
2026-09-15 23:47:10,250 INFO ICON: FAIL (0/24 point) t=41743ms The read operation timed out
2026-09-15 23:47:10,250 INFO METEOFRANCE: OK (24/24 point) http=200 t=5348ms 
2026-09-15 23:47:10,250 INFO UKMO: OK (24/24 point) http=200 t=11627ms 
