2026-08-25 01:57:23,902 INFO Log file: /home/runner/work/forecast-redelong/forecast-redelong/outputs/gpm_grid_tamatue/logs/forecast_20260825_085723.log
2026-08-25 01:57:23,903 INFO Output dir: /home/runner/work/forecast-redelong/forecast-redelong/outputs/gpm_grid_tamatue
2026-08-25 01:57:23,903 INFO Metadata lokasi: slug=gpm_grid_tamatue adm4=11.17.05.2002 bmkg_point=Bale Redelong area_level=external_comparison proxy_bmkg=True
2026-08-25 01:57:23,903 INFO Koordinat: lat=4.649902718619309 lon=96.85017949357464 timezone=Asia/Jakarta
2026-08-25 01:57:23,903 INFO Catatan lokasi: Forecast Redelong representative point. BMKG ADM4 reference: 11.17.05.2002 (Bale Redelong). Initial BMKG reference for catchment grid Spatial role: external_comparison. Grid terpisah dan terlalu jauh untuk langsung diasumsikan berkontribusi; hanya titik pembanding sampai konektivitas DAS dikonfirmasi.
2026-08-25 01:57:23,903 INFO Locations file: /home/runner/work/forecast-redelong/forecast-redelong/locations.json
2026-08-25 01:57:23,903 INFO Mulai proses untuk lokasi GPM Grid TamaTue
2026-08-25 01:57:23,903 INFO Target date: 2026-08-27
2026-08-25 01:57:23,903 INFO Target hours: 00:00, 01:00, 02:00, 03:00, 04:00, 05:00, 06:00, 07:00, 08:00, 09:00, 10:00, 11:00, 12:00, 13:00, 14:00, 15:00, 16:00, 17:00, 18:00, 19:00, 20:00, 21:00, 22:00, 23:00
2026-08-25 01:57:23,903 INFO Sumber aktif: BMKG, ECMWF, GFS, ICON, CMA, METEOFRANCE, UKMO
2026-08-25 01:57:23,903 INFO Bobot aktif: BMKG=1.35, CMA=1.0, ECMWF=1.0, GFS=1.0, ICON=1.0, KMA=0.9, METEOFRANCE=1.0, METNO=1.0, UKMO=1.0
2026-08-25 01:57:26,409 INFO Selesai.
2026-08-25 01:57:26,409 INFO Sumber sukses: 7/7
2026-08-25 01:57:26,409 INFO Total forecast point: 168
2026-08-25 01:57:26,409 INFO BMKG: OK (24/24 point) http=200 t=19ms 
2026-08-25 01:57:26,409 INFO CMA: OK (24/24 point) http=200 t=388ms 
2026-08-25 01:57:26,409 INFO ECMWF: OK (24/24 point) http=200 t=380ms 
2026-08-25 01:57:26,409 INFO GFS: OK (24/24 point) http=200 t=393ms 
2026-08-25 01:57:26,409 INFO ICON: OK (24/24 point) http=200 t=392ms 
2026-08-25 01:57:26,409 INFO METEOFRANCE: OK (24/24 point) http=200 t=395ms 
2026-08-25 01:57:26,409 INFO UKMO: OK (24/24 point) http=200 t=393ms 
