2026-08-22 01:56:06,348 INFO Log file: /home/runner/work/forecast-redelong/forecast-redelong/outputs/pltm_besai_kemu/logs/forecast_20260822_085606.log
2026-08-22 01:56:06,348 INFO Output dir: /home/runner/work/forecast-redelong/forecast-redelong/outputs/pltm_besai_kemu
2026-08-22 01:56:06,348 INFO Metadata lokasi: slug=pltm_besai_kemu adm4=18.08.03.2017 bmkg_point=Kemu area_level=independent_site_reference proxy_bmkg=True
2026-08-22 01:56:06,348 INFO Koordinat: lat=-4.862591667 lon=104.500497222 timezone=Asia/Jakarta
2026-08-22 01:56:06,348 INFO Catatan lokasi: PLTM Besai Kemu forecast reference. BMKG ADM4 reference: 18.08.03.2017. Coordinate status: engineering_document_reference_operational_asset_confirmed.
2026-08-22 01:56:06,348 INFO Locations file: /home/runner/work/forecast-redelong/forecast-redelong/locations.json
2026-08-22 01:56:06,348 INFO Mulai proses untuk lokasi PLTM Besai Kemu
2026-08-22 01:56:06,348 INFO Target date: 2026-08-22
2026-08-22 01:56:06,348 INFO Target hours: 00:00, 01:00, 02:00, 03:00, 04:00, 05:00, 06:00, 07:00, 08:00, 09:00, 10:00, 11:00, 12:00, 13:00, 14:00, 15:00, 16:00, 17:00, 18:00, 19:00, 20:00, 21:00, 22:00, 23:00
2026-08-22 01:56:06,348 INFO Sumber aktif: BMKG, ECMWF, GFS, ICON, CMA, METEOFRANCE, UKMO
2026-08-22 01:56:06,348 INFO Bobot aktif: BMKG=1.35, CMA=1.0, ECMWF=1.0, GFS=1.0, ICON=1.0, KMA=0.9, METEOFRANCE=1.0, METNO=1.0, UKMO=1.0
2026-08-22 01:56:08,837 INFO Selesai.
2026-08-22 01:56:08,837 INFO Sumber sukses: 7/7
2026-08-22 01:56:08,837 INFO Total forecast point: 162
2026-08-22 01:56:08,837 INFO BMKG: OK (18/24 point) http=200 t=831ms 
2026-08-22 01:56:08,837 INFO CMA: OK (24/24 point) http=200 t=379ms 
2026-08-22 01:56:08,837 INFO ECMWF: OK (24/24 point) http=200 t=413ms 
2026-08-22 01:56:08,837 INFO GFS: OK (24/24 point) http=200 t=379ms 
2026-08-22 01:56:08,837 INFO ICON: OK (24/24 point) http=200 t=384ms 
2026-08-22 01:56:08,837 INFO METEOFRANCE: OK (24/24 point) http=200 t=378ms 
2026-08-22 01:56:08,837 INFO UKMO: OK (24/24 point) http=200 t=396ms 
