2026-09-04 23:26:02,239 INFO Log file: /home/runner/work/forecast-redelong/forecast-redelong/outputs/gpm2/logs/forecast_20260905_062602.log
2026-09-04 23:26:02,240 INFO Output dir: /home/runner/work/forecast-redelong/forecast-redelong/outputs/gpm2
2026-09-04 23:26:02,240 INFO Metadata lokasi: slug=gpm2 adm4=11.17.05.2002 bmkg_point=Bale Redelong area_level=provisional_catchment proxy_bmkg=True
2026-09-04 23:26:02,240 INFO Koordinat: lat=4.811672965065149 lon=96.9505347134354 timezone=Asia/Jakarta
2026-09-04 23:26:02,240 INFO Catatan lokasi: Forecast Redelong representative point. BMKG ADM4 reference: 11.17.05.2002 (Bale Redelong). Initial BMKG reference for catchment point Spatial role: provisional_catchment. Area analisis provisional; menunggu konfirmasi batas DAS resmi.
2026-09-04 23:26:02,240 INFO Locations file: /home/runner/work/forecast-redelong/forecast-redelong/locations.json
2026-09-04 23:26:02,240 INFO Mulai proses untuk lokasi GPM2
2026-09-04 23:26:02,240 INFO Target date: 2026-09-05
2026-09-04 23:26:02,240 INFO Target hours: 00:00, 01:00, 02:00, 03:00, 04:00, 05:00, 06:00, 07:00, 08:00, 09:00, 10:00, 11:00, 12:00, 13:00, 14:00, 15:00, 16:00, 17:00, 18:00, 19:00, 20:00, 21:00, 22:00, 23:00
2026-09-04 23:26:02,240 INFO Sumber aktif: BMKG, ECMWF, GFS, ICON, CMA, METEOFRANCE, UKMO
2026-09-04 23:26:02,240 INFO Bobot aktif: BMKG=1.35, CMA=1.0, ECMWF=1.0, GFS=1.0, ICON=1.0, KMA=0.9, METEOFRANCE=1.0, METNO=1.0, UKMO=1.0
2026-09-04 23:26:02,787 INFO Selesai.
2026-09-04 23:26:02,788 INFO Sumber sukses: 7/7
2026-09-04 23:26:02,788 INFO Total forecast point: 164
2026-09-04 23:26:02,788 INFO BMKG: OK (20/24 point) http=200 t=24ms 
2026-09-04 23:26:02,788 INFO CMA: OK (24/24 point) http=200 t=66ms 
2026-09-04 23:26:02,788 INFO ECMWF: OK (24/24 point) http=200 t=66ms 
2026-09-04 23:26:02,788 INFO GFS: OK (24/24 point) http=200 t=65ms 
2026-09-04 23:26:02,788 INFO ICON: OK (24/24 point) http=200 t=63ms 
2026-09-04 23:26:02,788 INFO METEOFRANCE: OK (24/24 point) http=200 t=64ms 
2026-09-04 23:26:02,788 INFO UKMO: OK (24/24 point) http=200 t=64ms 
2026-09-04 23:26:02,791 INFO Log file: /home/runner/work/forecast-redelong/forecast-redelong/outputs/gpm2/logs/forecast_20260905_062602.log
2026-09-04 23:26:02,791 INFO Output dir: /home/runner/work/forecast-redelong/forecast-redelong/outputs/gpm2
2026-09-04 23:26:02,791 INFO Metadata lokasi: slug=gpm2 adm4=11.17.05.2002 bmkg_point=Bale Redelong area_level=provisional_catchment proxy_bmkg=True
2026-09-04 23:26:02,792 INFO Koordinat: lat=4.811672965065149 lon=96.9505347134354 timezone=Asia/Jakarta
2026-09-04 23:26:02,792 INFO Catatan lokasi: Forecast Redelong representative point. BMKG ADM4 reference: 11.17.05.2002 (Bale Redelong). Initial BMKG reference for catchment point Spatial role: provisional_catchment. Area analisis provisional; menunggu konfirmasi batas DAS resmi.
2026-09-04 23:26:02,792 INFO Locations file: /home/runner/work/forecast-redelong/forecast-redelong/locations.json
2026-09-04 23:26:02,792 INFO Mulai proses untuk lokasi GPM2
2026-09-04 23:26:02,792 INFO Target date: 2026-09-06
2026-09-04 23:26:02,792 INFO Target hours: 00:00, 01:00, 02:00, 03:00, 04:00, 05:00, 06:00, 07:00, 08:00, 09:00, 10:00, 11:00, 12:00, 13:00, 14:00, 15:00, 16:00, 17:00, 18:00, 19:00, 20:00, 21:00, 22:00, 23:00
2026-09-04 23:26:02,792 INFO Sumber aktif: BMKG, ECMWF, GFS, ICON, CMA, METEOFRANCE, UKMO
2026-09-04 23:26:02,792 INFO Bobot aktif: BMKG=1.35, CMA=1.0, ECMWF=1.0, GFS=1.0, ICON=1.0, KMA=0.9, METEOFRANCE=1.0, METNO=1.0, UKMO=1.0
2026-09-04 23:26:25,816 INFO Selesai.
2026-09-04 23:26:25,816 INFO Sumber sukses: 7/7
2026-09-04 23:26:25,816 INFO Total forecast point: 168
2026-09-04 23:26:25,816 INFO BMKG: OK (24/24 point) http=200 t=29ms 
2026-09-04 23:26:25,816 INFO CMA: OK (24/24 point) http=200 t=67ms 
2026-09-04 23:26:25,816 INFO ECMWF: OK (24/24 point) http=200 t=66ms 
2026-09-04 23:26:25,816 INFO GFS: OK (24/24 point) http=200 t=65ms 
2026-09-04 23:26:25,816 INFO ICON: OK (24/24 point) http=200 t=66ms 
2026-09-04 23:26:25,817 INFO METEOFRANCE: OK (24/24 point) http=200 t=65ms 
2026-09-04 23:26:25,817 INFO UKMO: OK (24/24 point) http=200 t=66ms 
