2026-08-23 23:28:22,751 INFO Log file: /home/runner/work/forecast-redelong/forecast-redelong/outputs/gpm2/logs/forecast_20260824_062822.log
2026-08-23 23:28:22,751 INFO Output dir: /home/runner/work/forecast-redelong/forecast-redelong/outputs/gpm2
2026-08-23 23:28:22,751 INFO Metadata lokasi: slug=gpm2 adm4=11.17.05.2002 bmkg_point=Bale Redelong area_level=provisional_catchment proxy_bmkg=True
2026-08-23 23:28:22,751 INFO Koordinat: lat=4.811672965065149 lon=96.9505347134354 timezone=Asia/Jakarta
2026-08-23 23:28:22,751 INFO Catatan lokasi: Forecast Redelong representative point. BMKG ADM4 reference: 11.17.05.2002 (Bale Redelong). Initial BMKG reference for catchment point Spatial role: provisional_catchment. Area analisis provisional; menunggu konfirmasi batas DAS resmi.
2026-08-23 23:28:22,751 INFO Locations file: /home/runner/work/forecast-redelong/forecast-redelong/locations.json
2026-08-23 23:28:22,752 INFO Mulai proses untuk lokasi GPM2
2026-08-23 23:28:22,752 INFO Target date: 2026-08-27
2026-08-23 23:28:22,752 INFO Target hours: 00:00, 01:00, 02:00, 03:00, 04:00, 05:00, 06:00, 07:00, 08:00, 09:00, 10:00, 11:00, 12:00, 13:00, 14:00, 15:00, 16:00, 17:00, 18:00, 19:00, 20:00, 21:00, 22:00, 23:00
2026-08-23 23:28:22,752 INFO Sumber aktif: BMKG, ECMWF, GFS, ICON, CMA, METEOFRANCE, UKMO
2026-08-23 23:28:22,752 INFO Bobot aktif: BMKG=1.35, CMA=1.0, ECMWF=1.0, GFS=1.0, ICON=1.0, KMA=0.9, METEOFRANCE=1.0, METNO=1.0, UKMO=1.0
2026-08-23 23:28:22,843 INFO BMKG gagal (host=api.bmkg.go.id): BMKG tidak mengembalikan kandidat untuk target date
2026-08-23 23:28:47,969 INFO Selesai.
2026-08-23 23:28:47,970 INFO Sumber sukses: 6/7
2026-08-23 23:28:47,970 INFO Total forecast point: 144
2026-08-23 23:28:47,970 INFO BMKG: FAIL (0/24 point) t=91ms BMKG tidak mengembalikan kandidat untuk target date
2026-08-23 23:28:47,970 INFO CMA: OK (24/24 point) http=200 t=553ms 
2026-08-23 23:28:47,970 INFO ECMWF: OK (24/24 point) http=200 t=566ms 
2026-08-23 23:28:47,970 INFO GFS: OK (24/24 point) http=200 t=569ms 
2026-08-23 23:28:47,970 INFO ICON: OK (24/24 point) http=200 t=573ms 
2026-08-23 23:28:47,970 INFO METEOFRANCE: OK (24/24 point) http=200 t=547ms 
2026-08-23 23:28:47,970 INFO UKMO: OK (24/24 point) http=200 t=561ms 
